// Jest Snapshot v1, https://goo.gl/fbAQLP

exports[`<MenuNewWindow /> should match to snapshot when render default 1`] = `
<MenuNewWindow
  onClose={[Function]}
  onMakeWidget={[Function]}
  url=""
  widget={Object {}}
  x={0}
  y={0}
>
  <ul
    className="MenuNewWindow"
    style={
      Object {
        "left": 0,
        "top": 0,
      }
    }
  >
    <li
      className="MenuNewWindow__list"
    >
      <button
        className="MenuNewWindow__btn"
        onMouseUp={[Function]}
        type="button"
      >
        Open with a new browser
      </button>
    </li>
    <li
      className="MenuNewWindow__list"
    >
      <button
        className="MenuNewWindow__btn"
        onMouseUp={[Function]}
        type="button"
      >
        Move
      </button>
    </li>
    <li
      className="MenuNewWindow__list MenuNewWindow__list--bottom"
    >
      <button
        className="MenuNewWindow__btn"
        onMouseUp={[Function]}
        type="button"
      >
        Open with a new widget
      </button>
    </li>
  </ul>
</MenuNewWindow>
`;
