// Jest Snapshot v1, https://goo.gl/fbAQLP

exports[`Test SearchMenu Component should match to snapshot 1`] = `
<div
  className="SearchMenu"
>
  <SVGInline
    className="SearchMenu__Logo"
    classSuffix="-svg"
    cleanup={Array []}
    cleanupExceptions={Array []}
    component="span"
    svg=""
  />
  <ul
    className="SearchMenu__List"
  >
    <li
      className="SearchMenu__Item"
    >
      <button
        className="SearchMenu__Btn"
        data-test-id="menu-new-widget"
        onClick={[Function]}
        type="button"
      >
        <SVGInline
          className="SearchMenu__Icon"
          classSuffix="-svg"
          cleanup={Array []}
          cleanupExceptions={Array []}
          component="span"
          svg=""
        />
        New
      </button>
    </li>
    <li
      className="SearchMenu__Item"
    >
      <button
        className="SearchMenu__Btn SearchMenu__Btn--active"
        data-test-id="menu-all"
        onClick={[Function]}
        type="button"
      >
        <SVGInline
          className="SearchMenu__Icon"
          classSuffix="-svg"
          cleanup={Array []}
          cleanupExceptions={Array []}
          component="span"
          svg=""
        />
        All
      </button>
    </li>
    <li
      className="SearchMenu__Item"
    >
      <button
        className="SearchMenu__Btn"
        data-test-id="menu-favorites"
        onClick={[Function]}
        type="button"
      >
        <SVGInline
          className="SearchMenu__Icon"
          classSuffix="-svg"
          cleanup={Array []}
          cleanupExceptions={Array []}
          component="span"
          svg=""
        />
        Bookmark
      </button>
    </li>
    <li
      className="SearchMenu__Item"
    >
      <button
        className="SearchMenu__Btn"
        data-test-id="menu-setting"
        onClick={[Function]}
        type="button"
      >
        <SVGInline
          className="SearchMenu__Icon"
          classSuffix="-svg"
          cleanup={Array []}
          cleanupExceptions={Array []}
          component="span"
          svg=""
        />
        Options
      </button>
    </li>
    <li
      className="SearchMenu__Item"
    >
      <button
        className="SearchMenu__Btn"
        data-test-id="menu-quit"
        onClick={[Function]}
        type="button"
      >
        <SVGInline
          className="SearchMenu__Icon"
          classSuffix="-svg"
          cleanup={Array []}
          cleanupExceptions={Array []}
          component="span"
          svg=""
        />
        Quit
      </button>
    </li>
  </ul>
</div>
`;

exports[`Test SearchMenu Component should match to snapshot when props.filter === FAVORITES 1`] = `
<div
  className="SearchMenu"
>
  <SVGInline
    className="SearchMenu__Logo"
    classSuffix="-svg"
    cleanup={Array []}
    cleanupExceptions={Array []}
    component="span"
    svg=""
  />
  <ul
    className="SearchMenu__List"
  >
    <li
      className="SearchMenu__Item"
    >
      <button
        className="SearchMenu__Btn"
        data-test-id="menu-new-widget"
        onClick={[Function]}
        type="button"
      >
        <SVGInline
          className="SearchMenu__Icon"
          classSuffix="-svg"
          cleanup={Array []}
          cleanupExceptions={Array []}
          component="span"
          svg=""
        />
        New
      </button>
    </li>
    <li
      className="SearchMenu__Item"
    >
      <button
        className="SearchMenu__Btn"
        data-test-id="menu-all"
        onClick={[Function]}
        type="button"
      >
        <SVGInline
          className="SearchMenu__Icon"
          classSuffix="-svg"
          cleanup={Array []}
          cleanupExceptions={Array []}
          component="span"
          svg=""
        />
        All
      </button>
    </li>
    <li
      className="SearchMenu__Item"
    >
      <button
        className="SearchMenu__Btn SearchMenu__Btn--active"
        data-test-id="menu-favorites"
        onClick={[Function]}
        type="button"
      >
        <SVGInline
          className="SearchMenu__Icon"
          classSuffix="-svg"
          cleanup={Array []}
          cleanupExceptions={Array []}
          component="span"
          svg=""
        />
        Bookmark
      </button>
    </li>
    <li
      className="SearchMenu__Item"
    >
      <button
        className="SearchMenu__Btn"
        data-test-id="menu-setting"
        onClick={[Function]}
        type="button"
      >
        <SVGInline
          className="SearchMenu__Icon"
          classSuffix="-svg"
          cleanup={Array []}
          cleanupExceptions={Array []}
          component="span"
          svg=""
        />
        Options
      </button>
    </li>
    <li
      className="SearchMenu__Item"
    >
      <button
        className="SearchMenu__Btn"
        data-test-id="menu-quit"
        onClick={[Function]}
        type="button"
      >
        <SVGInline
          className="SearchMenu__Icon"
          classSuffix="-svg"
          cleanup={Array []}
          cleanupExceptions={Array []}
          component="span"
          svg=""
        />
        Quit
      </button>
    </li>
  </ul>
</div>
`;
