// Jest Snapshot v1, https://goo.gl/fbAQLP

exports[`<WebWidgetHeader /> should match to snapshot when render default 1`] = `
<div
  className="WebWidgetHeader__title-bar"
>
  <div
    className="WebWidgetHeader__front-btn-set"
  >
    <button
      className="WebWidgetHeader__thumbtack"
      onClick={[Function]}
      type="button"
    >
      <PinIcon />
    </button>
    <div
      className="WebWidgetHeader__history-set"
    >
      <HistoryGoBackButton
        className=""
        isCanGoBack={false}
        isCanGoForward={false}
        onGoBack={[Function]}
        onGoForward={[Function]}
      />
      <ReloadButton
        className="ReloadButton"
        isLoading={false}
        onRefresh={[Function]}
        onStopRefresh={[Function]}
      />
    </div>
    <div
      className="WebWidgetHeader__mobile-title"
    />
  </div>
  <div
    className="WebWidgetHeader__title"
  />
  <div
    className="WebWidgetHeader__button-set"
  >
    <button
      className="WebWidgetHeader__button WebWidgetHeader__button-setting"
      onClick={[Function]}
      type="button"
    >
      <WidgetSettingIcon />
    </button>
    <button
      className="WebWidgetHeader__button WebWidgetHeader__button--min"
      onClick={[Function]}
      type="button"
    >
      <WidgetSmallIcon />
    </button>
    <button
      className="WebWidgetHeader__button WebWidgetHeader__button--max"
      onClick={[Function]}
      type="button"
    >
      <WidgetShrinkIcon />
    </button>
    <button
      className="WebWidgetHeader__button WebWidgetHeader__button--close"
      onClick={[Function]}
      type="button"
    >
      <WidgetBackIcon />
    </button>
  </div>
</div>
`;
