// Jest Snapshot v1, https://goo.gl/fbAQLP

exports[`<PreferenceHeader /> should match to snapshot when render default 1`] = `
<div
  className="PreferenceHeader"
>
  <div
    className="PreferenceHeader__nav"
  >
    <NavLink
      activeClassName="PreferenceHeader__Link--select"
      aria-current="page"
      className="PreferenceHeader__Link"
      exact={true}
      to="/"
    >
      <SVGInline
        className="PreferenceHeader__icon"
        classSuffix="-svg"
        cleanup={Array []}
        cleanupExceptions={Array []}
        component="span"
        svg=""
      />
    </NavLink>
  </div>
</div>
`;
