// Jest Snapshot v1, https://goo.gl/fbAQLP

exports[`<WidgetSetting /> should match to snapshot when render default 1`] = `
<div
  className="WidgetEdit"
>
  <input
    className="WidgetEdit__header_input"
    style={
      Object {
        "height": 0,
        "width": 0,
      }
    }
    type="text"
  />
  <Header>
    <button
      className="WidgetEdit__header-back-btn"
      onClick={[Function]}
      type="button"
    >
      <img
        alt=""
        src={Object {}}
      />
      <h6
        className="WidgetEdit__header-text"
      >
        <strong>
          Back to List
        </strong>
      </h6>
    </button>
  </Header>
  <form
    className="WidgetEdit__content"
    onSubmit={[Function]}
  >
    <EditSetting
      item={Object {}}
      onChangeInput={[Function]}
      onStoreWidgetInfo={[Function]}
    />
    <EditSize
      item={Object {}}
      onChangeHeight={[Function]}
      onChangeWidth={[Function]}
    />
    <div
      className="WidgetEdit__btn-box"
    >
      <button
        className="Btn Btn--gray Btn--sm"
        onClick={[Function]}
        type="button"
      >
        &lt;
         back
      </button>
      <input
        className="Btn Btn--primary Btn--sm Btn--submit"
        type="submit"
        value="Save"
      />
    </div>
  </form>
</div>
`;
