// Jest Snapshot v1, https://goo.gl/fbAQLP

exports[`<WidgetStore /> should match to snapshot when render default 1`] = `
<div
  className="WidgetStore"
>
  <div
    className="WidgetStore__content"
  >
    <h4>
      "
      Store
      "
       function is 
      <br />
      Comming soon.
    </h4>
  </div>
</div>
`;
