// Jest Snapshot v1, https://goo.gl/fbAQLP

exports[`<HistoryGoBackButton /> should match to snapshot when render default 1`] = `
<div
  className="HistoryGoBackButton"
>
  <button
    className="WebWidgetHeader__button HistoryGoBackButton__btn--go-back"
    disabled={true}
    onClick={[Function]}
    type="button"
  >
    <BackIcon />
  </button>
  <button
    className="WebWidgetHeader__button HistoryGoBackButton__btn--go-front"
    disabled={true}
    onClick={[Function]}
    type="button"
  >
    <GoIcon />
  </button>
</div>
`;
