// Jest Snapshot v1, https://goo.gl/fbAQLP

exports[`test search window feature of menu open new widget window 1`] = `
<div
  class="MakeNotice__bar"
>
  <p
    class="MakeNotice__bar-text"
  >
    This is register page of widget. Please complete register widget after searching URL that you want.
  </p>
  <button
    class="MakeNotice__bar-btn"
    type="button"
  >
    Make Widget &gt;
  </button>
</div>
`;
