// Jest Snapshot v1, https://goo.gl/fbAQLP

exports[`<WidgetList /> should match to snapshot when render default 1`] = `
<div
  className="WidgetList"
>
  <Header>
    <h6>
      Widget manage
    </h6>
  </Header>
  <div
    className="WidgetList__content"
  >
    <div
      className="WidgetList__content-header space-5x"
    >
      <p>
        Activated widget
      </p>
      <Select
        className="Select"
        items={
          Array [
            "LATEST",
            "OLDEST",
            "ACTIVATED",
          ]
        }
        onChange={[Function]}
        value="LATEST"
      />
    </div>
    <WidgetListBox
      list={Array []}
      onModalOpen={[Function]}
      onSelectItem={[Function]}
      onUpdateInfoWithIPC={[Function]}
      selectedId=""
    />
    <div
      className="WidgetList__btn-box"
    >
      <button
        className="Btn Btn--primary Btn--md"
        onClick={[Function]}
        type="button"
      >
        <b>
          + Add New Widget
        </b>
      </button>
    </div>
  </div>
  <Pagination
    currentPage={1}
    maxPage={0}
    onPageClick={[Function]}
    unit={5}
  />
</div>
`;
