// Jest Snapshot v1, https://goo.gl/fbAQLP

exports[`<Confirm /> should match to snapshot when render default 1`] = `
<div
  className="Confirm"
>
  <h6
    className="Confirm__title space-2x"
  >
    <strong />
  </h6>
  <span
    className="Confirm__content space-4x"
  />
  <div
    className="Confirm__btn-box"
  >
    <button
      className="Btn Btn--primary Btn--sm"
      onClick={[Function]}
      type="button"
    >
      OK
    </button>
  </div>
</div>
`;
