// Jest Snapshot v1, https://goo.gl/fbAQLP

exports[`test WebWidget should match to snapshot when default render 1`] = `
<WebWidget
  onCancelEditWidget={[Function]}
  onCheckUrlValidation={[Function]}
  onMakeWidget={[Function]}
  onUpdateInfo={[Function]}
  widget={Object {}}
>
  <div
    className="WebWidget"
  >
    <Connect(toJS(WidgetHeader))
      currentUrl=""
      isLoading={false}
      onToggleSetting={[Function]}
      webView={null}
    >
      <toJS(WidgetHeader)
        currentUrl=""
        defaultUserAgent="DESKTOP"
        isLoading={false}
        onCloseWidget={[Function]}
        onEditWidget={[Function]}
        onMakeWidget={[Function]}
        onModalOpen={[Function]}
        onToggleSetting={[Function]}
        onUpdateWidgetInfo={[Function]}
        webView={null}
      >
        <WidgetHeader
          currentUrl=""
          defaultUserAgent="DESKTOP"
          isLoading={false}
          onCloseWidget={[Function]}
          onEditWidget={[Function]}
          onMakeWidget={[Function]}
          onModalOpen={[Function]}
          onToggleSetting={[Function]}
          onUpdateWidgetInfo={[Function]}
          webView={null}
          widget={Object {}}
        >
          <div
            className="WidgetHeader"
          >
            <TitleBar
              defaultUserAgent="DESKTOP"
              id=""
              onCloseWidget={[Function]}
              onUpdateWidgetInfo={[Function]}
              title="Empty Widget"
              userAgent=""
            >
              <div
                className="TitleBar"
              >
                <button
                  className="TitleBar__close-btn"
                  onClick={[Function]}
                  type="button"
                >
                  <SVGInline
                    className="TitleBar__close-img"
                    classSuffix="-svg"
                    cleanup={Array []}
                    cleanupExceptions={Array []}
                    component="span"
                    fill="#ffffff"
                    svg=""
                  />
                </button>
                <div
                  className="TitleBar__title"
                >
                  Empty Widget
                </div>
                <div
                  className="TitleBar__asset"
                >
                  <button
                    className="TitleBar__button"
                    disabled={false}
                    onClick={[Function]}
                    type="button"
                  >
                    <SVGInline
                      className="TitleBar__mobile-icon"
                      classSuffix="-svg"
                      cleanup={Array []}
                      cleanupExceptions={Array []}
                      component="span"
                      svg=""
                    />
                  </button>
                  <button
                    className="TitleBar__button"
                    disabled={true}
                    onClick={[Function]}
                    type="button"
                  >
                    <SVGInline
                      className="TitleBar__desktop-icon"
                      classSuffix="-svg"
                      cleanup={Array []}
                      cleanupExceptions={Array []}
                      component="span"
                      svg=""
                    />
                  </button>
                </div>
              </div>
            </TitleBar>
            <AddressBar
              currentUrl=""
              homeUrl=""
              id=""
              isLoading={false}
              isMakeProgress={false}
              isOnTop={false}
              onEditWidget={[Function]}
              onMakeWidget={[Function]}
              onModalOpen={[Function]}
              onUpdateWidgetInfo={[Function]}
              reloadInterval={0}
              webView={null}
            >
              <div
                className="AddressBar"
              >
                <div
                  className="AddressBar__front-button-box"
                >
                  <button
                    className="AddressBar__button"
                    data-name="go-back-btn"
                    disabled={true}
                    onClick={[Function]}
                    type="button"
                  >
                    <SVGInline
                      classSuffix="-svg"
                      cleanup={Array []}
                      cleanupExceptions={Array []}
                      component="span"
                      svg=""
                    />
                  </button>
                  <button
                    className="AddressBar__button"
                    data-name="go-forward-btn"
                    disabled={true}
                    onClick={[Function]}
                    type="button"
                  >
                    <SVGInline
                      classSuffix="-svg"
                      cleanup={Array []}
                      cleanupExceptions={Array []}
                      component="span"
                      svg=""
                    />
                  </button>
                  <button
                    className="AddressBar__button"
                    onClick={[Function]}
                    type="button"
                  >
                    <SVGInline
                      classSuffix="-svg"
                      cleanup={Array []}
                      cleanupExceptions={Array []}
                      component="span"
                      svg=""
                    />
                  </button>
                </div>
                <div
                  className="AddressBar__address"
                >
                  <div
                    className="AddressBar__address-value"
                    onMouseEnter={[Function]}
                    onMouseLeave={[Function]}
                  >
                    <input
                      className="AddressBar__address-input"
                      onChange={[Function]}
                      onDoubleClick={[Function]}
                      onKeyDown={[Function]}
                      type="text"
                      value=""
                    />
                  </div>
                  <button
                    className="AddressBar__address-button"
                    onClick={[Function]}
                    type="button"
                  >
                    <SVGInline
                      className="AddressBar__home-icon"
                      classSuffix="-svg"
                      cleanup={Array []}
                      cleanupExceptions={Array []}
                      component="span"
                      svg=""
                    />
                    <div
                      className="AddressBar__home-url"
                    />
                  </button>
                </div>
                <div
                  className="AddressBar__end-button-box"
                >
                  <button
                    className="AddressBar__button AddressBar__more-btn"
                    onClick={[Function]}
                    type="button"
                  >
                    <SVGInline
                      classSuffix="-svg"
                      cleanup={Array []}
                      cleanupExceptions={Array []}
                      component="span"
                      svg=""
                    />
                  </button>
                  <button
                    className="AddressBar__pin-btn"
                    onClick={[Function]}
                    type="button"
                  >
                    <SVGInline
                      className="AddressBar__pin"
                      classSuffix="-svg"
                      cleanup={Array []}
                      cleanupExceptions={Array []}
                      component="span"
                      svg=""
                    />
                  </button>
                </div>
              </div>
            </AddressBar>
          </div>
        </WidgetHeader>
      </toJS(WidgetHeader)>
    </Connect(toJS(WidgetHeader))>
    <div
      className="WebWidget__content"
    >
      <webview
        className="WebWidget__webview"
        preload="file:///mock-path/app/constants/build/preloadScript.js"
        src="https://google.com"
      />
    </div>
  </div>
</WebWidget>
`;

exports[`test WebWidget test instance method test configureLoader should match NProgress.configure 1`] = `
Object {
  "easing": "ease",
  "minimum": 0.2,
  "parent": ".AddressBar__address",
  "showSpinner": false,
  "speed": 800,
}
`;
