// Jest Snapshot v1, https://goo.gl/fbAQLP

exports[`<PreferenceHeader /> should match to snapshot when render default 1`] = `
<div
  className="PreferenceHeader"
>
  <div
    className="PreferenceHeader__Draggable"
  />
  <NavLink
    activeClassName="PreferenceHeader__Link--select"
    aria-current="page"
    className="PreferenceHeader__Link"
    exact={true}
    to="/"
  >
    Basic
  </NavLink>
  <NavLink
    activeClassName="PreferenceHeader__Link--select"
    aria-current="page"
    className="PreferenceHeader__Link"
    to="/update"
  >
    Update
  </NavLink>
  <NavLink
    activeClassName="PreferenceHeader__Link--select"
    aria-current="page"
    className="PreferenceHeader__Link"
    to="/hot-key"
  >
    HotKey
  </NavLink>
  <NavLink
    activeClassName="PreferenceHeader__Link--select"
    aria-current="page"
    className="PreferenceHeader__Link"
    to="/widget"
  >
    Window
  </NavLink>
</div>
`;
