// Jest Snapshot v1, https://goo.gl/fbAQLP

exports[`<GlobalNavigationBar /> should match to snapshot when render default 1`] = `
<div
  className="GlobalNavigationBar"
>
  <div
    className="GlobalNavigationBar__title"
  >
    <img
      alt="white-logo"
      className="GlobalNavigationBar__logo"
      src={Object {}}
    />
  </div>
  <ul
    className="GlobalNavigationBar__menu-box"
  >
    <Link
      key="/widget-list"
      replace={false}
      to="/widget-list"
    >
      <li
        className="GlobalNavigationBar__list"
      >
        <button
          className="GlobalNavigationBar__list-btn"
          onClick={[Function]}
          type="button"
        >
          <WidgetIcon
            className="GlobalNavigationBar__list-icon"
          />
          <span
            className="GlobalNavigationBar__list-text"
          >
            Widget
          </span>
          <ArrowIcon
            className="GlobalNavigationBar__list-arrow"
          />
        </button>
      </li>
    </Link>
    <Link
      key="/setting"
      replace={false}
      to="/setting"
    >
      <li
        className="GlobalNavigationBar__list"
      >
        <button
          className="GlobalNavigationBar__list-btn"
          onClick={[Function]}
          type="button"
        >
          <SettingIcon
            className="GlobalNavigationBar__list-icon"
          />
          <span
            className="GlobalNavigationBar__list-text"
          >
            Setting
          </span>
          <ArrowIcon
            className="GlobalNavigationBar__list-arrow"
          />
        </button>
      </li>
    </Link>
    <Link
      key="/widget-store"
      replace={false}
      to="/widget-store"
    >
      <li
        className="GlobalNavigationBar__list"
      >
        <button
          className="GlobalNavigationBar__list-btn"
          onClick={[Function]}
          type="button"
        >
          <StoreIcon
            className="GlobalNavigationBar__list-icon"
          />
          <span
            className="GlobalNavigationBar__list-text"
          >
            Store
          </span>
          <ArrowIcon
            className="GlobalNavigationBar__list-arrow"
          />
        </button>
      </li>
    </Link>
  </ul>
</div>
`;
