// Jest Snapshot v1, https://goo.gl/fbAQLP

exports[`<HistoryGoBackButton /> should match to snapshot when render default 1`] = `
<div
  className="HistoryGoBackButton"
>
  <button
    className="HistoryGoBackButton__btn HistoryGoBackButton__btn--go-back"
    disabled={true}
    onClick={[Function]}
    type="button"
  >
    <i
      className="fas fa-arrow-left"
    />
  </button>
  <button
    className="HistoryGoBackButton__btn HistoryGoBackButton__btn--go-front"
    disabled={true}
    onClick={[Function]}
    type="button"
  >
    <i
      className="fas fa-arrow-right"
    />
  </button>
</div>
`;
