// Jest Snapshot v1, https://goo.gl/fbAQLP

exports[`<WidgetModeConfirm /> should match to snapshot when render default 1`] = `
<div
  className="WidgetModeConfirm__container"
>
  <h3>
    Do you want to change the window mode?
  </h3>
  <p
    className="WidgetModeConfirm__content"
  >
    The window you are working on might not be saved.
  </p>
  <div
    className="WidgetModeConfirm__btn-set"
  >
    <button
      className="Btn Btn--sm Btn--gray"
      onClick={[Function]}
      type="button"
    >
      Undo
    </button>
    <button
      className="Btn Btn--sm Btn--primary"
      onClick={[Function]}
      type="button"
    >
      Ok
    </button>
  </div>
</div>
`;
