// Jest Snapshot v1, https://goo.gl/fbAQLP

exports[`<DeleteConfirmWidget /> should match to snapshot when render default 1`] = `
<div
  className="DeleteConfirmWidget"
>
  <h6
    className="DeleteConfirmWidget__title space-2x"
  >
    Confirm delete
  </h6>
  <span
    className="DeleteConfirmWidget__content space-4x"
  >
    Do you want delete
    <br />
    <b>
      "
      "
    </b>
    widget?
  </span>
  <div
    className="DeleteConfirmWidget__btn-box"
  >
    <button
      className="Btn Btn--gray Btn--sm"
      onClick={[Function]}
      type="button"
    >
      Close
    </button>
    <button
      className="Btn Btn--primary Btn--sm"
      onClick={[Function]}
      type="button"
    >
      Delete
    </button>
  </div>
</div>
`;
