// Jest Snapshot v1, https://goo.gl/fbAQLP

exports[`<WebWidgetSetting /> should match to snapshot when render default 1`] = `
<div
  className="WebWidgetSetting"
>
  <OutsideClickHandler
    onOutSideClick={[Function]}
  >
    <form>
      <h3>
        Edit setting
      </h3>
      <ValidationInput
        autoFocus={true}
        className="ValidationInput"
        error=""
        errorClassName="ValidationInput__validation-message"
        inputClassName="ValidationInput__text-input"
        name="Name"
        nameClassName="ValidationInput__label"
        onChange={[Function]}
        placeholder=""
        value=""
      />
      <ValidationInput
        autoFocus={false}
        className="ValidationInput"
        error=""
        errorClassName="ValidationInput__validation-message"
        inputClassName="ValidationInput__text-input"
        name="Url"
        nameClassName="ValidationInput__label"
        onChange={[Function]}
        placeholder=""
        value=""
      />
      <button
        onClick={[Function]}
        type="button"
      >
        Go to manage view
      </button>
      <input
        onClick={[Function]}
        type="submit"
        value="Save"
      />
    </form>
  </OutsideClickHandler>
</div>
`;
