// Jest Snapshot v1, https://goo.gl/fbAQLP

exports[`<GNBWrapper /> should match to snapshot when render default 1`] = `
<div
  className="GNBWrapper"
>
  <GlobalNavigationBar
    match={Object {}}
    onListClick={[Function]}
    onSettingClick={[Function]}
    onStoreClick={[Function]}
  />
  <div
    className="GNBWrapper__content"
  >
    <Component />
  </div>
</div>
`;
