// Jest Snapshot v1, https://goo.gl/fbAQLP

exports[`<WebWidgetSetting /> should match to snapshot when render default 1`] = `
<div
  className="WebWidgetSetting"
>
  <OutsideClickHandler
    onOutSideClick={[Function]}
  >
    <form>
      <h6
        className="WebWidgetSetting__title space-3x"
      >
        <strong>
          Edit setting
        </strong>
      </h6>
      <ValidationInput
        autoFocus={true}
        className="ValidationInput"
        error=""
        errorClassName="ValidationInput__validation-message"
        inputClassName="InputSet InputSet__text-input"
        name="Name"
        nameClassName="ValidationInput__label InputSet__label"
        onChange={[Function]}
        placeholder=""
        value=""
      />
      <ValidationInput
        autoFocus={false}
        className="ValidationInput"
        error=""
        errorClassName="ValidationInput__validation-message"
        inputClassName="InputSet InputSet__text-input"
        name="Url"
        nameClassName="ValidationInput__label InputSet__label"
        onChange={[Function]}
        placeholder=""
        value=""
      />
      <div
        className="WebWidgetSetting__btn-box"
      >
        <button
          className="TextBtn TextBtn--blue WebWidgetSetting__text-btn"
          onClick={[Function]}
          type="button"
        >
          Go to manage view
        </button>
        <input
          className="Btn Btn--primary Btn--sm"
          onClick={[Function]}
          type="submit"
          value="Save"
        />
      </div>
    </form>
  </OutsideClickHandler>
</div>
`;
