// Jest Snapshot v1, https://goo.gl/fbAQLP

exports[`<WebWidget /> should match to snapshot when render default 1`] = `
<WebWidget>
  <div
    className="WebWidget"
  >
    <WebWidgetHeader
      isLoading={false}
      onGoBack={[Function]}
      onGoForward={[Function]}
      onRefresh={[Function]}
      onStopRefresh={[Function]}
      onToggleIsOnTop={[Function]}
      title=""
      webView={null}
    >
      <div
        className="WebWidgetHeader__title-bar"
      >
        <button
          className="WebWidgetHeader__thumbtack"
          onClick={[Function]}
          type="button"
        >
          <i
            className="fas fa-thumbtack"
          />
        </button>
        <div
          className="WebWidgetHeader__history-set"
        >
          <HistoryGoBackButton
            className=""
            isCanGoBack={null}
            isCanGoForward={null}
            onGoBack={[Function]}
            onGoForward={[Function]}
          >
            <div
              className="HistoryGoBackButton"
            >
              <button
                className="HistoryGoBackButton__btn HistoryGoBackButton__btn--go-back"
                disabled={true}
                onClick={[Function]}
                type="button"
              >
                <i
                  className="fas fa-arrow-left"
                />
              </button>
              <button
                className="HistoryGoBackButton__btn HistoryGoBackButton__btn--go-front"
                disabled={true}
                onClick={[Function]}
                type="button"
              >
                <i
                  className="fas fa-arrow-right"
                />
              </button>
            </div>
          </HistoryGoBackButton>
          <ReloadButton
            className="ReloadButton"
            isLoading={false}
            onRefresh={[Function]}
            onStopRefresh={[Function]}
          >
            <div
              className="ReloadButton className"
            >
              <button
                className="ReloadButton__btn ReloadButton__btn--refresh"
                onClick={[Function]}
                type="button"
              >
                <i
                  className="fas fa-undo"
                />
              </button>
            </div>
          </ReloadButton>
        </div>
        <div
          className="WebWidgetHeader__title"
        />
        <div
          className="WebWidgetHeader__button-set"
        >
          <button
            className="WebWidgetHeader__button WebWidgetHeader__button-setting"
            onClick={[Function]}
            type="button"
          >
            <i
              className="fas fa-cog"
            />
          </button>
          <button
            className="WebWidgetHeader__button WebWidgetHeader__button--min"
            onClick={[Function]}
            type="button"
          >
            <i
              aria-hidden="true"
              className="fas fa-window-minimize"
            />
          </button>
          <button
            className="WebWidgetHeader__button WebWidgetHeader__button--max"
            onClick={[Function]}
            type="button"
          >
            <i
              aria-hidden="true"
              className="fas fa-square"
            />
          </button>
          <button
            className="WebWidgetHeader__button WebWidgetHeader__button--close"
            onClick={[Function]}
            type="button"
          >
            <i
              aria-hidden="true"
              className="fas fa-times"
            />
          </button>
        </div>
      </div>
    </WebWidgetHeader>
    <WebWidgetMobileHeader
      isLoading={false}
      onGoBack={[Function]}
      onGoForward={[Function]}
      onRefresh={[Function]}
      onStopRefresh={[Function]}
      webView={null}
    >
      <div
        className="WebWidgetMobileHeader"
      >
        <HistoryGoBackButton
          className=""
          isCanGoBack={null}
          isCanGoForward={null}
          onGoBack={[Function]}
          onGoForward={[Function]}
        >
          <div
            className="HistoryGoBackButton"
          >
            <button
              className="HistoryGoBackButton__btn HistoryGoBackButton__btn--go-back"
              disabled={true}
              onClick={[Function]}
              type="button"
            >
              <i
                className="fas fa-arrow-left"
              />
            </button>
            <button
              className="HistoryGoBackButton__btn HistoryGoBackButton__btn--go-front"
              disabled={true}
              onClick={[Function]}
              type="button"
            >
              <i
                className="fas fa-arrow-right"
              />
            </button>
          </div>
        </HistoryGoBackButton>
        <ReloadButton
          className="ReloadButton"
          isLoading={false}
          onRefresh={[Function]}
          onStopRefresh={[Function]}
        >
          <div
            className="ReloadButton className"
          >
            <button
              className="ReloadButton__btn ReloadButton__btn--refresh"
              onClick={[Function]}
              type="button"
            >
              <i
                className="fas fa-undo"
              />
            </button>
          </div>
        </ReloadButton>
        <button
          className="WebWidgetMobileHeader__setting"
          onClick={[Function]}
          type="button"
        >
          <i
            className="fas fa-cog"
          />
        </button>
      </div>
    </WebWidgetMobileHeader>
    <webview
      src="https://www.github.com"
      style={
        Object {
          "display": "inline-flex",
          "height": "100%",
          "overflow": "auto",
          "overflowY": "hidden",
          "width": "100%",
        }
      }
    />
  </div>
</WebWidget>
`;
