// Jest Snapshot v1, https://goo.gl/fbAQLP

exports[`<ConfirmCheck /> should match to snapshot when render default 1`] = `
<div
  className="ConfirmCheck"
>
  <h6
    className="ConfirmCheck__title space-2x"
  >
    <strong />
  </h6>
  <span
    className="ConfirmCheck__content space-4x"
  />
  <div
    className="ConfirmCheck__btn-box"
  >
    <button
      className="Btn Btn--gray Btn--sm"
      onClick={[Function]}
      type="button"
    >
      cancel
    </button>
    <button
      className="Btn Btn--primary Btn--sm ConfirmCheck__btn"
      onClick={[Function]}
      type="button"
    >
      ok
    </button>
  </div>
</div>
`;
