// Jest Snapshot v1, https://goo.gl/fbAQLP

exports[`<TitleBarMac /> should match to snapshot when exist userAgent 1`] = `
<div
  className="TitleBarMac"
>
  <div
    className="TitleBarMac__traffic-light"
  />
  <div
    className="TitleBarMac__title"
  >
    Empty Widget
  </div>
  <div
    className="TitleBarMac__asset"
  >
    <button
      className="TitleBarMac__button"
      disabled={false}
      onClick={[Function]}
      type="button"
    >
      <img
        alt=""
        className="TitleBarMac__mobile-icon"
        src={Object {}}
      />
    </button>
    <button
      className="TitleBarMac__button"
      disabled={true}
      onClick={[Function]}
      type="button"
    >
      <img
        alt=""
        className="TitleBarMac__desktop-icon"
        src={Object {}}
      />
    </button>
  </div>
</div>
`;

exports[`<TitleBarMac /> should match to snapshot when render default 1`] = `
<div
  className="TitleBarMac"
>
  <div
    className="TitleBarMac__traffic-light"
  />
  <div
    className="TitleBarMac__title"
  >
    Empty Widget
  </div>
  <div
    className="TitleBarMac__asset"
  >
    <button
      className="TitleBarMac__button"
      disabled={false}
      onClick={[Function]}
      type="button"
    >
      <img
        alt=""
        className="TitleBarMac__mobile-icon"
        src={Object {}}
      />
    </button>
    <button
      className="TitleBarMac__button"
      disabled={true}
      onClick={[Function]}
      type="button"
    >
      <img
        alt=""
        className="TitleBarMac__desktop-icon"
        src={Object {}}
      />
    </button>
  </div>
</div>
`;
