// Jest Snapshot v1, https://goo.gl/fbAQLP

exports[`<WebWidgetHeader /> should match to snapshot when render default 1`] = `
<div
  className="WebWidgetHeader__title-bar"
>
  <button
    className="WebWidgetHeader__thumbtack"
    onClick={[Function]}
    type="button"
  >
    <i
      className="fas fa-thumbtack"
      data-fa-transform="rotate-90"
    />
  </button>
  <div
    className="WebWidgetHeader__history-set"
  >
    <HistoryGoBackButton
      className=""
      isCanGoBack={false}
      isCanGoForward={false}
      onGoBack={[Function]}
      onGoForward={[Function]}
    />
    <ReloadButton
      className="ReloadButton"
      isLoading={false}
      onRefresh={[Function]}
      onStopRefresh={[Function]}
    />
  </div>
  <div
    className="WebWidgetHeader__title"
  />
  <div
    className="WebWidgetHeader__button-set"
  >
    <button
      className="WebWidgetHeader__button WebWidgetHeader__button--min"
      onClick={[Function]}
      type="button"
    >
      <i
        aria-hidden="true"
        className="fas fa-window-minimize"
      />
    </button>
    <button
      className="WebWidgetHeader__button WebWidgetHeader__button--max"
      onClick={[Function]}
      type="button"
    >
      <i
        aria-hidden="true"
        className="fas fa-square"
      />
    </button>
    <button
      className="WebWidgetHeader__button WebWidgetHeader__button--close"
      onClick={[Function]}
      type="button"
    >
      <i
        aria-hidden="true"
        className="fas fa-times"
      />
    </button>
  </div>
</div>
`;
