// Jest Snapshot v1, https://goo.gl/fbAQLP

exports[`<WebWidgetMobileHeader /> should match to snapshot when render default 1`] = `
<div
  className="WebWidgetMobileHeader"
>
  <div
    className="WebWidgetMobileHeader__front_btn"
  >
    <HistoryGoBackButton
      className=""
      isCanGoBack={false}
      isCanGoForward={false}
      onGoBack={[Function]}
      onGoForward={[Function]}
    />
    <ReloadButton
      className="ReloadButton"
      isLoading={false}
      onRefresh={[Function]}
      onStopRefresh={[Function]}
    />
  </div>
  <button
    className="WebWidgetMobileHeader__setting"
    onClick={[Function]}
    type="button"
  >
    <WidgetSettingIcon />
  </button>
</div>
`;
