// Jest Snapshot v1, https://goo.gl/fbAQLP

exports[`<GlobalNavigationBar /> should match to snapshot when render default 1`] = `
<div
  className="GlobalNavigationBar"
>
  <div
    className="GlobalNavigationBar__title"
  >
    OhMyDesk
  </div>
  <ul
    className="GlobalNavigationBar__menu-box"
  >
    <Link
      key="/widget-list"
      replace={false}
      to="/widget-list"
    >
      <li
        className="GlobalNavigationBar__list"
      >
        <button
          className="GlobalNavigationBar__list-btn"
          onClick={[Function]}
          type="button"
        >
          Widget
        </button>
      </li>
    </Link>
    <Link
      key="/setting"
      replace={false}
      to="/setting"
    >
      <li
        className="GlobalNavigationBar__list"
      >
        <button
          className="GlobalNavigationBar__list-btn"
          onClick={[Function]}
          type="button"
        >
          Setting
        </button>
      </li>
    </Link>
    <Link
      key="/widget-store"
      replace={false}
      to="/widget-store"
    >
      <li
        className="GlobalNavigationBar__list"
      >
        <button
          className="GlobalNavigationBar__list-btn"
          onClick={[Function]}
          type="button"
        >
          Widget store
        </button>
      </li>
    </Link>
  </ul>
</div>
`;
