// Jest Snapshot v1, https://goo.gl/fbAQLP

exports[`<TitleBar /> should match to snapshot when exist userAgent 1`] = `
<div
  className="TitleBar"
>
  <button
    className="TitleBar__close-btn"
    onClick={[Function]}
    type="button"
  >
    <SVGInline
      className="TitleBar__close-img"
      classSuffix="-svg"
      cleanup={Array []}
      cleanupExceptions={Array []}
      component="span"
      svg={Object {}}
    />
  </button>
  <div
    className="TitleBar__title"
  >
    Empty Widget
  </div>
  <div
    className="TitleBar__asset"
  >
    <button
      className="TitleBar__button"
      disabled={false}
      onClick={[Function]}
      type="button"
    >
      <SVGInline
        className="TitleBar__mobile-icon"
        classSuffix="-svg"
        cleanup={Array []}
        cleanupExceptions={Array []}
        component="span"
        svg={Object {}}
      />
    </button>
    <button
      className="TitleBar__button"
      disabled={true}
      onClick={[Function]}
      type="button"
    >
      <SVGInline
        className="TitleBar__desktop-icon"
        classSuffix="-svg"
        cleanup={Array []}
        cleanupExceptions={Array []}
        component="span"
        svg={Object {}}
      />
    </button>
  </div>
</div>
`;

exports[`<TitleBar /> should match to snapshot when render default 1`] = `
<div
  className="TitleBar"
>
  <button
    className="TitleBar__close-btn"
    onClick={[Function]}
    type="button"
  >
    <SVGInline
      className="TitleBar__close-img"
      classSuffix="-svg"
      cleanup={Array []}
      cleanupExceptions={Array []}
      component="span"
      svg={Object {}}
    />
  </button>
  <div
    className="TitleBar__title"
  >
    Empty Widget
  </div>
  <div
    className="TitleBar__asset"
  >
    <button
      className="TitleBar__button"
      disabled={false}
      onClick={[Function]}
      type="button"
    >
      <SVGInline
        className="TitleBar__mobile-icon"
        classSuffix="-svg"
        cleanup={Array []}
        cleanupExceptions={Array []}
        component="span"
        svg={Object {}}
      />
    </button>
    <button
      className="TitleBar__button"
      disabled={true}
      onClick={[Function]}
      type="button"
    >
      <SVGInline
        className="TitleBar__desktop-icon"
        classSuffix="-svg"
        cleanup={Array []}
        cleanupExceptions={Array []}
        component="span"
        svg={Object {}}
      />
    </button>
  </div>
</div>
`;
